Project Abyss Olaf/Yujin Design Update v1.4.1
Applied: 2026-08-04T01:44:26.1837021+09:00
Project: F:\GitCorp\Project-Abyss
Backup: F:\GitCorp\Project-Abyss\ProjectAbyss_OlafYujin_Update_v1_4_1_Backup_20260804_014426

BACKUP Assets\1. Scripts\Editor\Diagnostics\Verification\CharacterVerificationPlayModeQueue.cs
BACKUP Assets\1. Scripts\Runtime\Battle\Rules\CombatRollResolver.cs
BACKUP Assets\1. Scripts\Runtime\Battle\Rules\CombatRuleTypes.cs
BACKUP Assets\1. Scripts\Runtime\Battle\Rules\SkillRollData.cs
BACKUP Assets\1. Scripts\Runtime\Characters\Olaf\Mechanics\OlafMadnessMechanic.cs
BACKUP Assets\1. Scripts\Runtime\Characters\Yujin\Mechanics\YujinMechanic.cs
BACKUP Assets\1. Scripts\Runtime\Diagnostics\Debug\CharacterRandomDebugOverride.cs
BACKUP Assets\1. Scripts\Runtime\Diagnostics\Verification\CharacterBehaviorCoverageCatalog.cs
BACKUP Assets\1. Scripts\Runtime\Diagnostics\Verification\CharacterVerificationAutoBattleDriver.cs
BACKUP Assets\1. Scripts\Runtime\Diagnostics\Verification\OlafCharacterVerificationCaseProvider.cs
BACKUP Assets\1. Scripts\Runtime\Diagnostics\Verification\YujinCharacterVerificationCaseProvider.cs
BACKUP Assets\1. Scripts\Runtime\Presentation\UI\Components\BattleResolverRollVisualUI.cs
BACKUP Assets\1. Scripts\Runtime\Presentation\UI\Components\BattleSkillUiText.cs
BACKUP Assets\1. Scripts\Runtime\Presentation\UI\Core\BattleUIManager.cs
BACKUP Assets\1. Scripts\Runtime\Presentation\UI\Panels\BattleClashRollPresentationUI.cs
BACKUP Assets\1. Scripts\Runtime\Presentation\UI\Panels\CharacterMechanicHudUI.cs
BACKUP Assets\1. Scripts\Runtime\Systems\AI\PlayerAutoPlanService.cs
BACKUP Assets\1. Scripts\Runtime\Systems\Resolution\ClashManager.cs
BACKUP Assets\2. Data\Characters\Design2026\Olaf\Skills\Olaf_EnduringSlash.asset
BACKUP Assets\2. Data\Characters\Design2026\Olaf\Skills\Olaf_EnduringSlash.asset.meta
BACKUP Assets\2. Data\Characters\Design2026\Olaf\Skills\Olaf_OverheadSmash.asset
BACKUP Assets\2. Data\Characters\Design2026\Olaf\Skills\Olaf_OverheadSmash.asset.meta
BACKUP Assets\2. Data\Characters\Design2026\Olaf\Skills\Olaf_Rend.asset
BACKUP Assets\2. Data\Characters\Design2026\Olaf\Skills\Olaf_Rend.asset.meta
BACKUP Assets\2. Data\Characters\Design2026\Olaf\Skills\Olaf_Standard.asset
BACKUP Assets\2. Data\Characters\Design2026\Olaf\Skills\Olaf_Standard.asset.meta
BACKUP Assets\2. Data\Characters\Design2026\Olaf\Skills\Olaf_WildHack.asset
BACKUP Assets\2. Data\Characters\Design2026\Olaf\Skills\Olaf_WildHack.asset.meta
BACKUP Assets\2. Data\Characters\Design2026\Yujin\Skills\Yujin_Inscription.asset
BACKUP Assets\2. Data\Characters\Design2026\Yujin\Skills\Yujin_Inscription.asset.meta
BACKUP Assets\2. Data\Characters\Design2026\Yujin\Skills\Yujin_Pursuit.asset
BACKUP Assets\2. Data\Characters\Design2026\Yujin\Skills\Yujin_Pursuit.asset.meta
APPLY  Assets\1. Scripts\Editor\Diagnostics\Verification\CharacterVerificationPlayModeQueue.cs
APPLY  Assets\1. Scripts\Runtime\Battle\Rules\CombatRollResolver.cs
APPLY  Assets\1. Scripts\Runtime\Battle\Rules\CombatRuleTypes.cs
APPLY  Assets\1. Scripts\Runtime\Battle\Rules\SkillRollData.cs
APPLY  Assets\1. Scripts\Runtime\Characters\Olaf\Mechanics\OlafMadnessMechanic.cs
APPLY  Assets\1. Scripts\Runtime\Characters\Yujin\Mechanics\YujinMechanic.cs
APPLY  Assets\1. Scripts\Runtime\Diagnostics\Debug\CharacterRandomDebugOverride.cs
APPLY  Assets\1. Scripts\Runtime\Diagnostics\Verification\CharacterBehaviorCoverageCatalog.cs
APPLY  Assets\1. Scripts\Runtime\Diagnostics\Verification\CharacterVerificationAutoBattleDriver.cs
APPLY  Assets\1. Scripts\Runtime\Diagnostics\Verification\OlafCharacterVerificationCaseProvider.cs
APPLY  Assets\1. Scripts\Runtime\Diagnostics\Verification\YujinCharacterVerificationCaseProvider.cs
APPLY  Assets\1. Scripts\Runtime\Presentation\UI\Components\BattleResolverRollVisualUI.cs
APPLY  Assets\1. Scripts\Runtime\Presentation\UI\Components\BattleSkillUiText.cs
APPLY  Assets\1. Scripts\Runtime\Presentation\UI\Core\BattleUIManager.cs
APPLY  Assets\1. Scripts\Runtime\Presentation\UI\Panels\BattleClashRollPresentationUI.cs
APPLY  Assets\1. Scripts\Runtime\Presentation\UI\Panels\CharacterMechanicHudUI.cs
APPLY  Assets\1. Scripts\Runtime\Systems\AI\PlayerAutoPlanService.cs
APPLY  Assets\1. Scripts\Runtime\Systems\Resolution\ClashManager.cs
APPLY  Assets\2. Data\Characters\Design2026\Olaf\Skills\Olaf_EnduringSlash.asset
APPLY  Assets\2. Data\Characters\Design2026\Olaf\Skills\Olaf_EnduringSlash.asset.meta
APPLY  Assets\2. Data\Characters\Design2026\Olaf\Skills\Olaf_OverheadSmash.asset
APPLY  Assets\2. Data\Characters\Design2026\Olaf\Skills\Olaf_OverheadSmash.asset.meta
APPLY  Assets\2. Data\Characters\Design2026\Olaf\Skills\Olaf_Rend.asset
APPLY  Assets\2. Data\Characters\Design2026\Olaf\Skills\Olaf_Rend.asset.meta
APPLY  Assets\2. Data\Characters\Design2026\Olaf\Skills\Olaf_Standard.asset
APPLY  Assets\2. Data\Characters\Design2026\Olaf\Skills\Olaf_Standard.asset.meta
APPLY  Assets\2. Data\Characters\Design2026\Olaf\Skills\Olaf_WildHack.asset
APPLY  Assets\2. Data\Characters\Design2026\Olaf\Skills\Olaf_WildHack.asset.meta
APPLY  Assets\2. Data\Characters\Design2026\Yujin\Skills\Yujin_Inscription.asset
APPLY  Assets\2. Data\Characters\Design2026\Yujin\Skills\Yujin_Inscription.asset.meta
APPLY  Assets\2. Data\Characters\Design2026\Yujin\Skills\Yujin_Pursuit.asset
APPLY  Assets\2. Data\Characters\Design2026\Yujin\Skills\Yujin_Pursuit.asset.meta
